[backblue.gif]
[fade.gif]
[index.html]
[wordpressboss.com/wb/smoth-demo/assets/images/about.jpg]
[wordpressboss.com/wb/smoth-demo/assets/images/work/1.jpg]
[wordpressboss.com/wb/smoth-demo/assets/images/work/2.jpg]
[wordpressboss.com/wb/smoth-demo/assets/images/work/3.jpg]
[wordpressboss.com/wb/smoth-demo/assets/images/work/4.jpg]
[wordpressboss.com/wb/smoth-demo/assets/images/work/5.jpg]
[wordpressboss.com/wb/smoth-demo/assets/images/work/6.jpg]
[wordpressboss.com/wb/smoth-demo/assets/images/team/team1.jpg]
[wordpressboss.com/wb/smoth-demo/assets/images/team/team2.jpg]
[wordpressboss.com/wb/smoth-demo/assets/images/team/team3.jpg]
[wordpressboss.com/wb/smoth-demo/assets/images/team/team4.jpg]
[wordpressboss.com/wb/smoth-demo/assets/images/testimonial/1.jpg]
[wordpressboss.com/wb/smoth-demo/assets/images/testimonial/2.jpg]
[wordpressboss.com/wb/smoth-demo/assets/js/jquery.min.js]
[wordpressboss.com/wb/smoth-demo/assets/bootstrap/js/bootstrap.min.js]
[wordpressboss.com/wb/smoth-demo/assets/owlcarousel/js/owl.carousel.min.js]
[wordpressboss.com/wb/smoth-demo/assets/js/jquery.magnific-popup.min.js]
[wordpressboss.com/wb/smoth-demo/assets/js/jquery.stellar.min.js]
[wordpressboss.com/wb/smoth-demo/assets/js/jquery.mb.YTPlayer.min.js]
[wordpressboss.com/wb/smoth-demo/assets/js/jquery.waypoints.min.js]
[wordpressboss.com/wb/smoth-demo/assets/js/jquery.counterup.min.js]
[wordpressboss.com/wb/smoth-demo/assets/js/wow.min.js]
[wordpressboss.com/wb/smoth-demo/assets/js/gmap3.min.js]
[wordpressboss.com/wb/smoth-demo/assets/js/form-contact.js]
[wordpressboss.com/wb/smoth-demo/assets/switcher/switcher.js]
[wordpressboss.com/wb/smoth-demo/assets/js/scripts.js]
[wordpressboss.com/wb/smoth-demo/index-slider.html]
[wordpressboss.com/wb/smoth-demo/assets/bootstrap/fonts/glyphicons-halflings-regular.eot]
[wordpressboss.com/wb/smoth-demo/assets/bootstrap/fonts/glyphicons-halflings-regulard41d.eot]
[wordpressboss.com/wb/smoth-demo/assets/bootstrap/fonts/glyphicons-halflings-regular.woff2]
[wordpressboss.com/wb/smoth-demo/assets/bootstrap/fonts/glyphicons-halflings-regular.woff]
[wordpressboss.com/wb/smoth-demo/assets/bootstrap/fonts/glyphicons-halflings-regular.ttf]
[wordpressboss.com/wb/smoth-demo/assets/bootstrap/css/bootstrap.min.css]
[wordpressboss.com/wb/smoth-demo/assets/fonts/Linearicons-Free54e9.eot]
[wordpressboss.com/wb/smoth-demo/assets/fonts/Linearicons-Freed41d.eot]
[wordpressboss.com/wb/smoth-demo/assets/fonts/Linearicons-Free54e9.woff2]
[wordpressboss.com/wb/smoth-demo/assets/fonts/Linearicons-Free54e9.woff]
[wordpressboss.com/wb/smoth-demo/assets/fonts/linear-fonts.css]
[wordpressboss.com/wb/smoth-demo/assets/fonts/fontawesome-webfont3295.eot]
[wordpressboss.com/wb/smoth-demo/assets/fonts/fontawesome-webfontd41d.eot]
[wordpressboss.com/wb/smoth-demo/assets/fonts/fontawesome-webfont3295.woff2]
[wordpressboss.com/wb/smoth-demo/assets/fonts/fontawesome-webfont3295.woff]
[wordpressboss.com/wb/smoth-demo/assets/fonts/fontawesome-webfont3295.ttf]
[wordpressboss.com/wb/smoth-demo/assets/fonts/font-awesome.css]
[wordpressboss.com/wb/smoth-demo/assets/owlcarousel/css/owl.carousel.css]
[wordpressboss.com/wb/smoth-demo/assets/owlcarousel/css/owl.theme.css]
[wordpressboss.com/wb/smoth-demo/assets/css/magnific-popup.css]
[wordpressboss.com/wb/smoth-demo/assets/css/animate.min.css]
[wordpressboss.com/wb/smoth-demo/assets/css/effects.css]
[wordpressboss.com/wb/smoth-demo/assets/images/bg/mainbg.jpg]
[wordpressboss.com/wb/smoth-demo/assets/images/bg/testi-bg.jpg]
[wordpressboss.com/wb/smoth-demo/assets/images/bg/slider1.jpg]
[wordpressboss.com/wb/smoth-demo/assets/css/style.css]
[wordpressboss.com/wb/smoth-demo/assets/css/responsive.css]
[wordpressboss.com/wb/smoth-demo/assets/switcher/switcher.css]
[wordpressboss.com/wb/smoth-demo/assets/switcher/style1.css]
[wordpressboss.com/wb/smoth-demo/assets/images/demo2.png]
[wordpressboss.com/wb/smoth-demo/assets/images/bg/call.jpg]
[wordpressboss.com/wb/smoth-demo/assets/images/demo1.png]
[wordpressboss.com/wb/smoth-demo/assets/images/demo3.png]
[wordpressboss.com/wb/smoth-demo/index.html]
[wordpressboss.com/wb/smoth-demo/assets/bootstrap/fonts/glyphicons-halflings-regular.svg]
[wordpressboss.com/wb/smoth-demo/assets/fonts/Linearicons-Free54e9.svg]
[wordpressboss.com/wb/smoth-demo/assets/fonts/fontawesome-webfont3295.svg]
[www.wordpressboss.com/wb/smoth-demo/assets/owlcarousel/css/grabbing.html]
[www.wordpressboss.com/wb/smoth-demo/assets/owlcarousel/css/AjaxLoader.html]
[wordpressboss.com/wb/smoth-demo/index-image.html]
[wordpressboss.com/wb/smoth-demo/assets/images/testimonial/3.jpg]
[wordpressboss.com/wb/smoth-demo/assets/fonts/Linearicons-Free54e9.ttf]
[wordpressboss.com/wb/smoth-demo/index-youtube.html]
